// Vitest Snapshot v1, https://vitest.dev/guide/snapshot.html

exports[`basic > another-query-params 1`] = `
"/* eslint-disable */
/* tslint:disable */
// @ts-nocheck
/*
 * ---------------------------------------------------------------
 * ## THIS FILE WAS GENERATED VIA SWAGGER-TYPESCRIPT-API        ##
 * ##                                                           ##
 * ## AUTHOR: acacode                                           ##
 * ## SOURCE: https://github.com/acacode/swagger-typescript-api ##
 * ---------------------------------------------------------------
 */

/** Sort */
export interface Sort {
  empty?: boolean;
  sorted?: boolean;
  unsorted?: boolean;
}

/**
 * R«object»
 * 统一的api返回格式
 */
export interface RObject {
  /**
   * 响应码
   * @format int32
   * @example 0
   */
  code: number;
  /** 返回数据 */
  data: object;
  /**
   * 说明信息
   * @example "用户名或密码错误"
   */
  msg: string;
  success?: boolean;
}

export type QueryParamsType = Record<string | number, any>;
export type ResponseFormat = keyof Omit<Body, "body" | "bodyUsed">;

export interface FullRequestParams extends Omit<RequestInit, "body"> {
  /** set parameter to \`true\` for call \`securityWorker\` for this request */
  secure?: boolean;
  /** request path */
  path: string;
  /** content type of request body */
  type?: ContentType;
  /** query params */
  query?: QueryParamsType;
  /** format of response (i.e. response.json() -> format: "json") */
  format?: ResponseFormat;
  /** request body */
  body?: unknown;
  /** base url */
  baseUrl?: string;
  /** request cancellation token */
  cancelToken?: CancelToken;
}

export type RequestParams = Omit<
  FullRequestParams,
  "body" | "method" | "query" | "path"
>;

export interface ApiConfig<SecurityDataType = unknown> {
  baseUrl?: string;
  baseApiParams?: Omit<RequestParams, "baseUrl" | "cancelToken" | "signal">;
  securityWorker?: (
    securityData: SecurityDataType | null,
  ) => Promise<RequestParams | void> | RequestParams | void;
  customFetch?: typeof fetch;
}

export interface HttpResponse<D extends unknown, E extends unknown = unknown>
  extends Response {
  data: D;
  error: E;
}

type CancelToken = Symbol | string | number;

export enum ContentType {
  Json = "application/json",
  JsonApi = "application/vnd.api+json",
  FormData = "multipart/form-data",
  UrlEncoded = "application/x-www-form-urlencoded",
  Text = "text/plain",
}

export class HttpClient<SecurityDataType = unknown> {
  public baseUrl: string = "//localhost:8083";
  private securityData: SecurityDataType | null = null;
  private securityWorker?: ApiConfig<SecurityDataType>["securityWorker"];
  private abortControllers = new Map<CancelToken, AbortController>();
  private customFetch = (...fetchParams: Parameters<typeof fetch>) =>
    fetch(...fetchParams);

  private baseApiParams: RequestParams = {
    credentials: "same-origin",
    headers: {},
    redirect: "follow",
    referrerPolicy: "no-referrer",
  };

  constructor(apiConfig: ApiConfig<SecurityDataType> = {}) {
    Object.assign(this, apiConfig);
  }

  public setSecurityData = (data: SecurityDataType | null) => {
    this.securityData = data;
  };

  protected encodeQueryParam(key: string, value: any) {
    const encodedKey = encodeURIComponent(key);
    return \`\${encodedKey}=\${encodeURIComponent(typeof value === "number" ? value : \`\${value}\`)}\`;
  }

  protected addQueryParam(query: QueryParamsType, key: string) {
    return this.encodeQueryParam(key, query[key]);
  }

  protected addArrayQueryParam(query: QueryParamsType, key: string) {
    const value = query[key];
    return value.map((v: any) => this.encodeQueryParam(key, v)).join("&");
  }

  protected toQueryString(rawQuery?: QueryParamsType): string {
    const query = rawQuery || {};
    const keys = Object.keys(query).filter(
      (key) => "undefined" !== typeof query[key],
    );
    return keys
      .map((key) =>
        Array.isArray(query[key])
          ? this.addArrayQueryParam(query, key)
          : this.addQueryParam(query, key),
      )
      .join("&");
  }

  protected addQueryParams(rawQuery?: QueryParamsType): string {
    const queryString = this.toQueryString(rawQuery);
    return queryString ? \`?\${queryString}\` : "";
  }

  private contentFormatters: Record<ContentType, (input: any) => any> = {
    [ContentType.Json]: (input: any) =>
      input !== null && (typeof input === "object" || typeof input === "string")
        ? JSON.stringify(input)
        : input,
    [ContentType.JsonApi]: (input: any) =>
      input !== null && (typeof input === "object" || typeof input === "string")
        ? JSON.stringify(input)
        : input,
    [ContentType.Text]: (input: any) =>
      input !== null && typeof input !== "string"
        ? JSON.stringify(input)
        : input,
    [ContentType.FormData]: (input: any) => {
      if (input instanceof FormData) {
        return input;
      }

      return Object.keys(input || {}).reduce((formData, key) => {
        const property = input[key];
        formData.append(
          key,
          property instanceof Blob
            ? property
            : typeof property === "object" && property !== null
              ? JSON.stringify(property)
              : \`\${property}\`,
        );
        return formData;
      }, new FormData());
    },
    [ContentType.UrlEncoded]: (input: any) => this.toQueryString(input),
  };

  protected mergeRequestParams(
    params1: RequestParams,
    params2?: RequestParams,
  ): RequestParams {
    return {
      ...this.baseApiParams,
      ...params1,
      ...(params2 || {}),
      headers: {
        ...(this.baseApiParams.headers || {}),
        ...(params1.headers || {}),
        ...((params2 && params2.headers) || {}),
      },
    };
  }

  protected createAbortSignal = (
    cancelToken: CancelToken,
  ): AbortSignal | undefined => {
    if (this.abortControllers.has(cancelToken)) {
      const abortController = this.abortControllers.get(cancelToken);
      if (abortController) {
        return abortController.signal;
      }
      return void 0;
    }

    const abortController = new AbortController();
    this.abortControllers.set(cancelToken, abortController);
    return abortController.signal;
  };

  public abortRequest = (cancelToken: CancelToken) => {
    const abortController = this.abortControllers.get(cancelToken);

    if (abortController) {
      abortController.abort();
      this.abortControllers.delete(cancelToken);
    }
  };

  public request = async <T = any, E = any>({
    body,
    secure,
    path,
    type,
    query,
    format,
    baseUrl,
    cancelToken,
    ...params
  }: FullRequestParams): Promise<HttpResponse<T, E>> => {
    const secureParams =
      ((typeof secure === "boolean" ? secure : this.baseApiParams.secure) &&
        this.securityWorker &&
        (await this.securityWorker(this.securityData))) ||
      {};
    const requestParams = this.mergeRequestParams(params, secureParams);
    const queryString = query && this.toQueryString(query);
    const payloadFormatter = this.contentFormatters[type || ContentType.Json];
    const responseFormat = format || requestParams.format;

    return this.customFetch(
      \`\${baseUrl || this.baseUrl || ""}\${path}\${queryString ? \`?\${queryString}\` : ""}\`,
      {
        ...requestParams,
        headers: {
          ...(requestParams.headers || {}),
          ...(type && type !== ContentType.FormData
            ? { "Content-Type": type }
            : {}),
        },
        signal:
          (cancelToken
            ? this.createAbortSignal(cancelToken)
            : requestParams.signal) || null,
        body:
          typeof body === "undefined" || body === null
            ? null
            : payloadFormatter(body),
      },
    ).then(async (response) => {
      // Create a Proxy that wraps the Response without mutating it
      // This ensures compatibility with ESM environments where Response is read-only
      // while maintaining all Response properties and methods as live/dynamic values
      const r = new Proxy(response, {
        get(target, prop) {
          // Custom properties for our API wrapper
          if (prop === "data") {
            return target._data !== undefined
              ? target._data
              : (null as unknown as T);
          }
          if (prop === "error") {
            return target._error !== undefined
              ? target._error
              : (null as unknown as E);
          }

          // Delegate everything else to the actual Response object
          const value = target[prop];

          // Bind methods to the original response to maintain correct 'this' context
          if (typeof value === "function") {
            return value.bind(target);
          }

          return value;
        },
        set(target, prop, value) {
          // Allow setting data and error properties
          if (prop === "data") {
            target._data = value;
            return true;
          }
          if (prop === "error") {
            target._error = value;
            return true;
          }

          // Prevent mutation of Response properties (ESM safety)
          return false;
        },
      }) as HttpResponse<T, E>;

      const responseToParse = responseFormat ? response.clone() : response;
      const data = !responseFormat
        ? r
        : await responseToParse[responseFormat]()
            .then((data) => {
              if (r.ok) {
                r.data = data;
              } else {
                r.error = data;
              }
              return r;
            })
            .catch((e) => {
              r.error = e;
              return r;
            });

      if (cancelToken) {
        this.abortControllers.delete(cancelToken);
      }

      if (!response.ok) throw data;
      return data;
    });
  };
}

/**
 * @title 系统
 * @version 1.6.3
 * @baseUrl //localhost:8083
 */
export class Api<
  SecurityDataType extends unknown,
> extends HttpClient<SecurityDataType> {
  api = {
    /**
     * No description
     *
     * @tags 部门
     * @name List2
     * @summary 部门列表
     * @request GET:/api/sys/department{?children,createdTime,description,id,name,page,parent,size,sort,updatedTime,customField}
     */
    list2: (
      query: {
        /**
         * 第page页,从0开始计数
         * @format int32
         */
        page?: number;
        /**
         * 每页数据数量
         * @format int32
         */
        size?: number;
        /** 按属性排序,格式:属性,[asc|desc] */
        sort?: string[];
        /** querydsl自动生成 */
        children?: object[];
        /**
         * querydsl自动生成
         * @format date-time
         */
        createdTime?: string;
        /** querydsl自动生成 */
        description?: string;
        /** querydsl自动生成 */
        id?: string;
        /** querydsl自动生成 */
        name?: string;
        /** querydsl自动生成 */
        parent?: string;
        /**
         * querydsl自动生成
         * @format date-time
         */
        updatedTime?: string;
        customField: string;
      },
      params: RequestParams = {},
    ) =>
      this.request<RObject, void>({
        path: \`/api/sys/department\`,
        method: "GET",
        query: query,
        ...params,
      }),
  };
}
"
`;
