// Vitest Snapshot v1, https://vitest.dev/guide/snapshot.html

exports[`basic > readonly 1`] = `
"/* eslint-disable */
/* tslint:disable */
// @ts-nocheck
/*
 * ---------------------------------------------------------------
 * ## THIS FILE WAS GENERATED VIA SWAGGER-TYPESCRIPT-API        ##
 * ##                                                           ##
 * ## AUTHOR: acacode                                           ##
 * ## SOURCE: https://github.com/acacode/swagger-typescript-api ##
 * ---------------------------------------------------------------
 */

export interface Pet {
  /** @format int64 */
  readonly id: number;
  readonly name: string;
  readonly tag?: string;
  readonly multiple?: string | number;
  notReadonly?: string;
}
"
`;
