// Vitest Snapshot v1, https://vitest.dev/guide/snapshot.html

exports[`basic > requestBodyDescription 1`] = `
"/* eslint-disable */
/* tslint:disable */
// @ts-nocheck
/*
 * ---------------------------------------------------------------
 * ## THIS FILE WAS GENERATED VIA SWAGGER-TYPESCRIPT-API        ##
 * ##                                                           ##
 * ## AUTHOR: acacode                                           ##
 * ## SOURCE: https://github.com/acacode/swagger-typescript-api ##
 * ---------------------------------------------------------------
 */

/** FODSFDSF DSF DSF */
export type CreateKeksPayload = object;

export type CreateKeksData = object;
"
`;
