// Vitest Snapshot v1, https://vitest.dev/guide/snapshot.html

exports[`basic > use x-enumNames as the key for enum 1`] = `
"/* eslint-disable */
/* tslint:disable */
// @ts-nocheck
/*
 * ---------------------------------------------------------------
 * ## THIS FILE WAS GENERATED VIA SWAGGER-TYPESCRIPT-API        ##
 * ##                                                           ##
 * ## AUTHOR: acacode                                           ##
 * ## SOURCE: https://github.com/acacode/swagger-typescript-api ##
 * ---------------------------------------------------------------
 */

export enum StringEnumWithoutKey {
  VAL_1 = "VAL_1",
  VAL_2 = "VAL_2",
  VAL_3 = "VAL_3",
  _1_VAL = "_1_VAL",
}
"
`;
