// Vitest Snapshot v1, https://vitest.dev/guide/snapshot.html

exports[`basic > enumsErasableSyntax 1`] = `
"/* eslint-disable */
/* tslint:disable */
// @ts-nocheck
/*
 * ---------------------------------------------------------------
 * ## THIS FILE WAS GENERATED VIA SWAGGER-TYPESCRIPT-API        ##
 * ##                                                           ##
 * ## AUTHOR: acacode                                           ##
 * ## SOURCE: https://github.com/acacode/swagger-typescript-api ##
 * ---------------------------------------------------------------
 */

/** @format int32 */
export type SomeInterestEnum = {
  Bla: 6;
  Blabla: 2;
  Boiler: 1;
  Bbabab: 67;
  Nowadays: 88;
  FAIL: 122;
  Vvvvv: 88;
  ASdasAS: 0;
  ASDsacZX: 213;
  Zook: 12378;
  EnumMm: 123125;
  VCsa: 32452;
  Yuuu: 1111;
  ASddd: 66666;
  ASdsdsa: "ASdsdsa";
  ASDds: "ASDds";
  HSDFDS: "HSDFDS";
};

/** @format int32 */
export type EnumWithMoreNames = {
  Bla: 1;
  Blabla: "Blabla";
  Boiler: "Boiler";
};

export type StringCompleteEnums = {
  Bla: "foo";
  Blabla: "bar";
  Boiler: "baz";
};

export type StringEnums = {
  Bla: "foo";
  Blabla: "bar";
  Boiler: "Boiler";
};

export type SimpleEnumNonNullable = {
  Value0: 0;
  Value1: 1;
  Value2: 2;
  Value3: 3;
  Value4: 4;
  Value5: 5;
};

export type XNullableEnum = {
  Value0: 0;
  Value1: 1;
  Value2: 2;
  Value3: 3;
  Value4: 4;
  Value5: 5;
};

export type Currency = {
  USDollar: "USD";
  Euro: "EUR";
  RussianRuble: "RUB";
};

export interface ObjWithEnum {
  "prop-enum-nullable"?: 0 | 1 | 2 | 3 | 4 | 5 | null;
  "prop-enum"?: 0 | 1 | 2 | 3 | 4 | 5;
}

export type OnlyEnumNames = {
  Bla: "Bla";
  Blabla: "Blabla";
  Boiler: "Boiler";
};

export type StringOnlyEnumNames = {
  Bla: "Bla";
  Blabla: "Blabla";
  Boiler: "Boiler";
};

/** @format int32 */
export type EmptyEnum = {
  Bla: "Bla";
  Blabla: "Blabla";
  Boiler: "Boiler";
};

export interface PostFooPayload {
  someTypeId?: 1 | 2 | 3 | 4 | 5;
}

export interface PostFooParams {
  testKek: 1 | 2 | 3 | 4 | 5;
}
"
`;
